undefined, undefined

ps3.2.js:3 Error: !
    at hr (ps3.2.js:3)
    at xt (ps3.2.js:3)
    at Lt (ps3.2.js:3)
    at Object.color (ps3.2.js:3)
    at Object.sandStop (game.js:47)
    at Object.tick (game.js:121)
    at ps3.2.js:3
    at _clock (ps3.2.js:3)
ps3.2.js:3 ERROR: [PS.color] x argument not a number
    ps3.2.js:3
    ps3.2.js:3
    ps3.2.js:3
    ps3.2.js:3
    game.js:47
    game.js:121
    ps3.2.js:3
    ps3.2.js:3